<?xml version="1.0" encoding="utf-8"?><testsuites name="pytest tests"><testsuite name="pytest" errors="0" failures="0" skipped="2" tests="34" time="85.010" timestamp="2026-08-13T22:39:03.591709+01:00" hostname="Ubuntu"><testcase classname="tests.test_segmentation" name="test_net03_users_cannot_reach_payroll_db" time="3.880" /><testcase classname="tests.test_segmentation" name="test_net04_finance_can_reach_payroll_app" time="0.755" /><testcase classname="tests.test_segmentation" name="test_net16_finance_can_reach_payroll_db" time="0.792" /><testcase classname="tests.test_segmentation" name="test_net01_guest_can_reach_internet_dns" time="0.891" /><testcase classname="tests.test_segmentation" name="test_net01_guest_can_reach_internet_https" time="0.862" /><testcase classname="tests.test_segmentation" name="test_net02_guest_cannot_reach_servers" time="3.827" /><testcase classname="tests.test_segmentation" name="test_net05_engineering_can_reach_codesvc" time="0.822" /><testcase classname="tests.test_segmentation" name="test_net06_engineering_cannot_reach_payroll_db" time="3.758" /><testcase classname="tests.test_segmentation" name="test_net09_internet_can_reach_dmz_web" time="0.772" /><testcase classname="tests.test_segmentation" name="test_net10_internet_cannot_reach_servers" time="3.741" /><testcase classname="tests.test_segmentation" name="test_net11_dmz_can_reach_assigned_db_port" time="0.760" /><testcase classname="tests.test_segmentation" name="test_net12_dmz_cannot_reach_management" time="3.760" /><testcase classname="tests.test_segmentation" name="test_net13_users_can_reach_internet_dns" time="3.760" /><testcase classname="tests.test_segmentation" name="test_net14_users_cannot_reach_internet_http" time="3.781" /><testcase classname="tests.test_segmentation" name="test_net15_users_can_reach_internet_https" time="0.788" /><testcase classname="tests.test_segmentation" name="test_net17_finance_cannot_reach_engineering" time="3.755" /><testcase classname="tests.test_segmentation" name="test_net18_engineering_can_reach_pkg_repo" time="0.775" /><testcase classname="tests.test_segmentation" name="test_net19_engineering_cannot_reach_internet_ssh" time="3.758" /><testcase classname="tests.test_segmentation" name="test_net20_servers_can_reach_updates" time="0.760" /><testcase classname="tests.test_segmentation" name="test_net21_servers_cannot_initiate_to_users" time="3.761" /><testcase classname="tests.test_segmentation" name="test_net22_management_can_reach_finance" time="0.759" /><testcase classname="tests.test_segmentation" name="test_net23_management_cannot_reach_guest" time="3.767" /><testcase classname="tests.test_segmentation" name="test_net24_dmz_cannot_reach_nonassigned_db_port" time="3.905" /><testcase classname="tests.test_segmentation" name="test_net25_dmz_cannot_reach_internet" time="3.860" /><testcase classname="tests.test_segmentation" name="test_net26_internet_cannot_reach_dmz_http" time="3.841" /><testcase classname="tests.test_segmentation" name="test_net27_internet_cannot_reach_dmz_ssh" time="3.810" /><testcase classname="tests.test_segmentation" name="test_net29_established_return_traffic_allowed" time="0.770" /><testcase classname="tests.test_segmentation" name="test_net07_management_can_reach_gateway_ssh" time="0.770" /><testcase classname="tests.test_segmentation" name="test_net08_users_cannot_reach_gateway_ssh" time="3.769" /><testcase classname="tests.test_segmentation" name="test_net28_guest_spoofed_source_detected" time="3.433" /><testcase classname="tests.test_segmentation" name="test_net30_sensor_has_no_routable_address" time="0.106" /><testcase classname="tests.test_segmentation" name="test_d1_finance_established_return_blocked" time="0.093"><skipped type="pytest.xfail" message="D1 fault has been repaired; this test's target rule no longer exists by design" /></testcase><testcase classname="tests.test_segmentation" name="test_fault2_users_should_not_reach_finance_admin" time="0.097"><skipped type="pytest.xfail" message="Fault 2 has been repaired; users no longer match the admin rule" /></testcase><testcase classname="tests.test_segmentation" name="test_d2_dmz_visibility_restored" time="10.180" /></testsuite></testsuites>